ASxxxx Linker V03.00 + NoICE + sdld,  page 1.
Hexadecimal  [32-Bits]

Area                                    Addr        Size        Decimal Bytes (Attributes)
--------------------------------        ----        ----        ------- ----- ------------
CABS                                00000000    00000000 =           0. bytes (ABS,CON,CODE)

      Value  Global                              Global Defined In Module
      -----  --------------------------------   ------------------------
C:   00000000  l_CABS                          
C:   00000000  l_GSINIT                        
C:   00000000  l_GSINIT1                       
C:   00000000  l_GSINIT5                       
C:   00000000  l_IABS                          
C:   00000000  l_ISEG                          
C:   00000000  l_PSEG                          
C:   00000000  l_REG_BANK_2                    
C:   00000000  l_REG_BANK_3                    
C:   00000000  l_RSEG                          
C:   00000000  l_RSEG0                         
C:   00000000  l_RSEG1                         
C:   00000000  l_XABS                          
C:   00000000  l__CODE                         
C:   00000000  s_BSEG                          
C:   00000000  s_CABS                          
C:   00000000  s_DSEG                          
C:   00000000  s_HOME                          
C:   00000000  s_IABS                          
C:   00000000  s_ISEG                          
C:   00000000  s_REG_BANK_0                    
C:   00000000  s_RSEG                          
C:   00000000  s_RSEG0                         
C:   00000000  s_RSEG1                         
C:   00000000  s_XABS                          
C:   00000001  l_BIT_BANK                      
C:   00000001  l_BSEG_BYTES                    
C:   00000003  l_GSFINAL                       
C:   00000003  l_GSINIT0                       
C:   00000004  l_BSEG                          
C:   00000005  l_OSEG                          
C:   00000008  l_REG_BANK_0                    
C:   00000008  l_REG_BANK_1                    
C:   00000008  s_REG_BANK_1                    
C:   0000000A  l_GSINIT2                       
C:   00000010  s_REG_BANK_2                    
C:   00000012  l_XINIT                         
C:   00000012  l_XISEG                         
C:   00000018  s_REG_BANK_3                    
C:   0000001B  s_OSEG                          
C:   00000020  s_BSEG_BYTES                    
C:   00000020  s__CODE                         
C:   00000021  s_BIT_BANK                      
C:   00000022  l_GSINIT3                       
C:   00000022  s_SSEG                          
C:   0000002A  l_GSINIT4                       
C:   0000004F  l_CONST                         
C:   0000006B  l_HOME                          
C:   0000006B  s_GSINIT0                       
C:   0000006E  l_XSEG                          
ASxxxx Linker V03.00 + NoICE + sdld,  page 2.
Hexadecimal  [32-Bits]

Area                                    Addr        Size        Decimal Bytes (Attributes)
--------------------------------        ----        ----        ------- ----- ------------
CABS                                00000000    00000000 =           0. bytes (ABS,CON,CODE)

      Value  Global                              Global Defined In Module
      -----  --------------------------------   ------------------------
C:   0000006E  s_GSINIT1                       
C:   0000006E  s_GSINIT2                       
C:   00000078  s_GSINIT3                       
C:   00000080  l_DSEG                          
C:   0000009A  s_GSINIT4                       
C:   000000C4  s_GSFINAL                       
C:   000000C4  s_GSINIT                        
C:   000000C4  s_GSINIT5                       
C:   000000C7  s_CSEG                          
C:   000000DE  l_SSEG                          
C:   00000100  l_IRAM                          
C:   00000EBD  l_CSEG                          
C:   00000F84  s_CONST                         
C:   00000FD3  s_XINIT                         
C:   00008000  s_PSEG                          
C:   00008000  s_XSEG                          
C:   0000806E  s_XISEG                         

ASxxxx Linker V03.00 + NoICE + sdld,  page 3.
Hexadecimal  [32-Bits]

Area                                    Addr        Size        Decimal Bytes (Attributes)
--------------------------------        ----        ----        ------- ----- ------------
.  .ABS.                            00000000    00000000 =           0. bytes (ABS,CON)

      Value  Global                              Global Defined In Module
      -----  --------------------------------   ------------------------
     00000000  .__.ABS.                           _startup
     00000080  _P0                                radio
     00000090  _rfce                              radio
     00000090  _rfcon                             radio
     00000091  _rfcsn                             radio
     00000094  _P0DIR                             radio
     000000A0  __XPAGE                            
     000000A0  _usbcon                            radio
     000000A8  _ien0                              radio
     000000B8  _ien1                              radio
     000000C0  _RFRDY                             radio
     000000E5  _RFDAT                             radio
     000000E6  _rfctl                             radio
     000000F5  _B_5                               _gptrget
     000000F6  _B_6                               _gptrget
     000000F7  _B_7                               _gptrget
     0000C640  _out1buf                           radio
     0000C680  _in1buf                            radio
     0000C700  _in0buf                            radio
     0000C7E8  _setupbuf                          radio

ASxxxx Linker V03.00 + NoICE + sdld,  page 4.
Hexadecimal  [32-Bits]

Area                                    Addr        Size        Decimal Bytes (Attributes)
--------------------------------        ----        ----        ------- ----- ------------
BSEG_BYTES                          00000020    00000001 =           1. bytes (REL,CON)

      Value  Global                              Global Defined In Module
      -----  --------------------------------   ------------------------
ASxxxx Linker V03.00 + NoICE + sdld,  page 5.
Hexadecimal  [32-Bits]

Area                                    Addr        Size        Decimal Bytes (Attributes)
--------------------------------        ----        ----        ------- ----- ------------
REG_BANK_0                          00000000    00000008 =           8. bytes (REL,OVR)

      Value  Global                              Global Defined In Module
      -----  --------------------------------   ------------------------
ASxxxx Linker V03.00 + NoICE + sdld,  page 6.
Hexadecimal  [32-Bits]

Area                                    Addr        Size        Decimal Bytes (Attributes)
--------------------------------        ----        ----        ------- ----- ------------
REG_BANK_1                          00000008    00000008 =           8. bytes (REL,OVR)

      Value  Global                              Global Defined In Module
      -----  --------------------------------   ------------------------
ASxxxx Linker V03.00 + NoICE + sdld,  page 7.
Hexadecimal  [32-Bits]

Area                                    Addr        Size        Decimal Bytes (Attributes)
--------------------------------        ----        ----        ------- ----- ------------
BIT_BANK                            00000021    00000001 =           1. bytes (REL,OVR)

      Value  Global                              Global Defined In Module
      -----  --------------------------------   ------------------------
ASxxxx Linker V03.00 + NoICE + sdld,  page 8.
Hexadecimal  [32-Bits]

Area                                    Addr        Size        Decimal Bytes (Attributes)
--------------------------------        ----        ----        ------- ----- ------------
DSEG                                00000000    00000080 =         128. bytes (REL,CON)

      Value  Global                              Global Defined In Module
      -----  --------------------------------   ------------------------
ASxxxx Linker V03.00 + NoICE + sdld,  page 9.
Hexadecimal  [32-Bits]

Area                                    Addr        Size        Decimal Bytes (Attributes)
--------------------------------        ----        ----        ------- ----- ------------
OSEG                                0000001B    00000005 =           5. bytes (REL,OVR)

      Value  Global                              Global Defined In Module
      -----  --------------------------------   ------------------------
ASxxxx Linker V03.00 + NoICE + sdld,  page 10.
Hexadecimal  [32-Bits]

Area                                    Addr        Size        Decimal Bytes (Attributes)
--------------------------------        ----        ----        ------- ----- ------------
SSEG                                00000022    000000DE =         222. bytes (REL,OVR)

      Value  Global                              Global Defined In Module
      -----  --------------------------------   ------------------------
     00000022  __start__stack                     main

ASxxxx Linker V03.00 + NoICE + sdld,  page 11.
Hexadecimal  [32-Bits]

Area                                    Addr        Size        Decimal Bytes (Attributes)
--------------------------------        ----        ----        ------- ----- ------------
XSEG                                00008000    0000006E =         110. bytes (REL,CON,XDATA)

      Value  Global                              Global Defined In Module
      -----  --------------------------------   ------------------------
D:   00008013  _enter_promiscuous_mode_PARM_2     radio
D:   00008019  _configure_address_PARM_2          radio
D:   0000801D  _configure_mac_PARM_2              radio
D:   0000801E  _configure_mac_PARM_3              radio
D:   00008020  _configure_phy_PARM_2              radio
D:   00008021  _configure_phy_PARM_3              radio
D:   00008024  _spi_write_PARM_2                  radio
D:   00008027  _spi_write_PARM_3                  radio
D:   00008029  _spi_read_PARM_2                   radio
D:   0000802C  _spi_read_PARM_3                   radio
D:   0000802E  _write_register_byte_PARM_2        radio
D:   00008030  _crc_update_PARM_2                 radio
D:   00008031  _crc_update_PARM_3                 radio
D:   00008034  _handle_radio_request_PARM_2       radio
D:   00008062  _memset_PARM_2                     _memset
D:   00008063  _memset_PARM_3                     _memset
D:   00008065  _memcpy_PARM_2                     _memcpy
D:   00008068  _memcpy_PARM_3                     _memcpy
D:   0000806D  __gptrput_PARM_2                   _gptrput

ASxxxx Linker V03.00 + NoICE + sdld,  page 12.
Hexadecimal  [32-Bits]

Area                                    Addr        Size        Decimal Bytes (Attributes)
--------------------------------        ----        ----        ------- ----- ------------
XISEG                               0000806E    00000012 =          18. bytes (REL,CON,XDATA)

      Value  Global                              Global Defined In Module
      -----  --------------------------------   ------------------------
D:   00008074  _request                           usb
D:   00008076  _device_strings                    usb_desc

ASxxxx Linker V03.00 + NoICE + sdld,  page 13.
Hexadecimal  [32-Bits]

Area                                    Addr        Size        Decimal Bytes (Attributes)
--------------------------------        ----        ----        ------- ----- ------------
HOME                                00000000    0000006B =         107. bytes (REL,CON,CODE)

      Value  Global                              Global Defined In Module
      -----  --------------------------------   ------------------------
C:   00000066  __sdcc_program_startup             main
C:   00000069  __sdcc_call_dptr                   

ASxxxx Linker V03.00 + NoICE + sdld,  page 14.
Hexadecimal  [32-Bits]

Area                                    Addr        Size        Decimal Bytes (Attributes)
--------------------------------        ----        ----        ------- ----- ------------
GSINIT0                             0000006B    00000003 =           3. bytes (REL,CON,CODE)

      Value  Global                              Global Defined In Module
      -----  --------------------------------   ------------------------
C:   0000006B  __sdcc_gsinit_startup              

ASxxxx Linker V03.00 + NoICE + sdld,  page 15.
Hexadecimal  [32-Bits]

Area                                    Addr        Size        Decimal Bytes (Attributes)
--------------------------------        ----        ----        ------- ----- ------------
GSINIT2                             0000006E    0000000A =          10. bytes (REL,CON,CODE)

      Value  Global                              Global Defined In Module
      -----  --------------------------------   ------------------------
ASxxxx Linker V03.00 + NoICE + sdld,  page 16.
Hexadecimal  [32-Bits]

Area                                    Addr        Size        Decimal Bytes (Attributes)
--------------------------------        ----        ----        ------- ----- ------------
GSINIT3                             00000078    00000022 =          34. bytes (REL,CON,CODE)

      Value  Global                              Global Defined In Module
      -----  --------------------------------   ------------------------
C:   00000078  __mcs51_genXINIT                   

ASxxxx Linker V03.00 + NoICE + sdld,  page 17.
Hexadecimal  [32-Bits]

Area                                    Addr        Size        Decimal Bytes (Attributes)
--------------------------------        ----        ----        ------- ----- ------------
GSINIT4                             0000009A    0000002A =          42. bytes (REL,CON,CODE)

      Value  Global                              Global Defined In Module
      -----  --------------------------------   ------------------------
C:   0000009A  __mcs51_genRAMCLEAR                
C:   000000A0  __mcs51_genXRAMCLEAR               

ASxxxx Linker V03.00 + NoICE + sdld,  page 18.
Hexadecimal  [32-Bits]

Area                                    Addr        Size        Decimal Bytes (Attributes)
--------------------------------        ----        ----        ------- ----- ------------
GSFINAL                             000000C4    00000003 =           3. bytes (REL,CON,CODE)

      Value  Global                              Global Defined In Module
      -----  --------------------------------   ------------------------
ASxxxx Linker V03.00 + NoICE + sdld,  page 19.
Hexadecimal  [32-Bits]

Area                                    Addr        Size        Decimal Bytes (Attributes)
--------------------------------        ----        ----        ------- ----- ------------
CSEG                                000000C7    00000EBD =        3773. bytes (REL,CON,CODE)

      Value  Global                              Global Defined In Module
      -----  --------------------------------   ------------------------
C:   000000C7  _main                              main
C:   000000FB  _init_usb                          usb
C:   00000126  _usb_reset_config                  usb
C:   00000179  _usb_irq                           usb
C:   00000211  _write_device_string               usb
C:   000002CA  _write_descriptor                  usb
C:   000003B2  _handle_setup_request              usb
C:   00000463  _enter_promiscuous_mode            radio
C:   0000057B  _configure_address                 radio
C:   000005F2  _configure_mac                     radio
C:   0000061F  _configure_phy                     radio
C:   0000064C  _spi_transfer                      radio
C:   0000065E  _spi_write                         radio
C:   000006D2  _spi_read                          radio
C:   0000074B  _write_register_byte               radio
C:   0000076D  _crc_update                        radio
C:   000007E4  _handle_radio_request              radio
C:   00000E95  _memset                            _memset
C:   00000EBD  _memcpy                            _memcpy
C:   00000F31  __gptrput                          _gptrput
C:   00000F4C  _strlen                            _strlen
C:   00000F64  __gptrget                          _gptrget
C:   00000F80  __sdcc_external_startup            _startup

ASxxxx Linker V03.00 + NoICE + sdld,  page 20.
Hexadecimal  [32-Bits]

Area                                    Addr        Size        Decimal Bytes (Attributes)
--------------------------------        ----        ----        ------- ----- ------------
CONST                               00000F84    0000004F =          79. bytes (REL,CON,CODE)

      Value  Global                              Global Defined In Module
      -----  --------------------------------   ------------------------
C:   00000F84  _device_descriptor                 usb_desc
C:   00000F96  _configuration_descriptor          usb_desc

ASxxxx Linker V03.00 + NoICE + sdld,  page 21.
Hexadecimal  [32-Bits]

Area                                    Addr        Size        Decimal Bytes (Attributes)
--------------------------------        ----        ----        ------- ----- ------------
XINIT                               00000FD3    00000012 =          18. bytes (REL,CON,CODE)

      Value  Global                              Global Defined In Module
      -----  --------------------------------   ------------------------
ASxxxx Linker V03.00 + NoICE + sdld,  page 22.

Files Linked                              [ module(s) ]

bin/main.rel                              [  ]
bin/usb.rel                               [  ]
bin/usb_desc.rel                          [  ]
bin/radio.rel                             [  ]


Libraries Linked                          [ object file ]

/opt/local/bin/../share/sdcc/lib/large/mcs51.lib
                                          [ crtclear.rel ]
/opt/local/bin/../share/sdcc/lib/large/libsdcc.lib
                                          [ _memset.rel ]
/opt/local/bin/../share/sdcc/lib/large/libsdcc.lib
                                          [ _memcpy.rel ]
/opt/local/bin/../share/sdcc/lib/large/mcs51.lib
                                          [ crtxinit.rel ]
/opt/local/bin/../share/sdcc/lib/large/libsdcc.lib
                                          [ _gptrput.rel ]
/opt/local/bin/../share/sdcc/lib/large/mcs51.lib
                                          [ crtxclear.rel ]
/opt/local/bin/../share/sdcc/lib/large/mcs51.lib
                                          [ crtcall.rel ]
/opt/local/bin/../share/sdcc/lib/large/mcs51.lib
                                          [ crtpagesfr.rel ]
/opt/local/bin/../share/sdcc/lib/large/libsdcc.lib
                                          [ _strlen.rel ]
/opt/local/bin/../share/sdcc/lib/large/mcs51.lib
                                          [ crtstart.rel ]
/opt/local/bin/../share/sdcc/lib/large/libsdcc.lib
                                          [ _gptrget.rel ]
/opt/local/bin/../share/sdcc/lib/large/libsdcc.lib
                                          [ _startup.rel ]

ASxxxx Linker V03.00 + NoICE + sdld,  page 23.

User Base Address Definitions

HOME = 0x0000
XSEG = 0x8000
PSEG = 0x8000
ISEG = 0x0000
BSEG = 0x0000

